Analysis & Synthesis report for LOGIC
Tue Mar 12 19:11:38 2024
Quartus Prime Version 18.1.0 Build 625 09/12/2018 SJ Lite Edition


---------------------
; Table of Contents ;
---------------------
  1. Legal Notice
  2. Analysis & Synthesis Summary
  3. Analysis & Synthesis Settings
  4. Parallel Compilation
  5. Analysis & Synthesis Source Files Read
  6. Analysis & Synthesis Resource Usage Summary
  7. Analysis & Synthesis Resource Utilization by Entity
  8. Registers Removed During Synthesis
  9. Removed Registers Triggering Further Register Optimizations
 10. General Register Statistics
 11. Inverted Register Statistics
 12. Multiplexer Restructuring Statistics (Restructuring Performed)
 13. Parameter Settings for User Entity Instance: Top-level Entity: |LOGIC
 14. Post-Synthesis Netlist Statistics for Top Partition
 15. Elapsed Time Per Partition
 16. Analysis & Synthesis Messages



----------------
; Legal Notice ;
----------------
Copyright (C) 2018  Intel Corporation. All rights reserved.
Your use of Intel Corporation's design tools, logic functions 
and other software and tools, and its AMPP partner logic 
functions, and any output files from any of the foregoing 
(including device programming or simulation files), and any 
associated documentation or information are expressly subject 
to the terms and conditions of the Intel Program License 
Subscription Agreement, the Intel Quartus Prime License Agreement,
the Intel FPGA IP License Agreement, or other applicable license
agreement, including, without limitation, that your use is for
the sole purpose of programming logic devices manufactured by
Intel and sold by Intel or its authorized distributors.  Please
refer to the applicable agreement for further details.



+----------------------------------------------------------------------------------+
; Analysis & Synthesis Summary                                                     ;
+------------------------------------+---------------------------------------------+
; Analysis & Synthesis Status        ; Successful - Tue Mar 12 19:11:37 2024       ;
; Quartus Prime Version              ; 18.1.0 Build 625 09/12/2018 SJ Lite Edition ;
; Revision Name                      ; LOGIC                                       ;
; Top-level Entity Name              ; LOGIC                                       ;
; Family                             ; MAX 10                                      ;
; Total logic elements               ; 1,512                                       ;
;     Total combinational functions  ; 1,158                                       ;
;     Dedicated logic registers      ; 423                                         ;
; Total registers                    ; 423                                         ;
; Total pins                         ; 39                                          ;
; Total virtual pins                 ; 0                                           ;
; Total memory bits                  ; 0                                           ;
; Embedded Multiplier 9-bit elements ; 0                                           ;
; Total PLLs                         ; 0                                           ;
; UFM blocks                         ; 0                                           ;
; ADC blocks                         ; 0                                           ;
+------------------------------------+---------------------------------------------+


+------------------------------------------------------------------------------------------------------------+
; Analysis & Synthesis Settings                                                                              ;
+------------------------------------------------------------------+--------------------+--------------------+
; Option                                                           ; Setting            ; Default Value      ;
+------------------------------------------------------------------+--------------------+--------------------+
; Device                                                           ; 10M08DAF484C8G     ;                    ;
; Top-level entity name                                            ; LOGIC              ; LOGIC              ;
; Family name                                                      ; MAX 10             ; Cyclone V          ;
; Use smart compilation                                            ; Off                ; Off                ;
; Enable parallel Assembler and Timing Analyzer during compilation ; On                 ; On                 ;
; Enable compact report table                                      ; Off                ; Off                ;
; Restructure Multiplexers                                         ; Auto               ; Auto               ;
; Create Debugging Nodes for IP Cores                              ; Off                ; Off                ;
; Preserve fewer node names                                        ; On                 ; On                 ;
; Intel FPGA IP Evaluation Mode                                    ; Enable             ; Enable             ;
; Verilog Version                                                  ; Verilog_2001       ; Verilog_2001       ;
; VHDL Version                                                     ; VHDL_1993          ; VHDL_1993          ;
; State Machine Processing                                         ; Auto               ; Auto               ;
; Safe State Machine                                               ; Off                ; Off                ;
; Extract Verilog State Machines                                   ; On                 ; On                 ;
; Extract VHDL State Machines                                      ; On                 ; On                 ;
; Ignore Verilog initial constructs                                ; Off                ; Off                ;
; Iteration limit for constant Verilog loops                       ; 5000               ; 5000               ;
; Iteration limit for non-constant Verilog loops                   ; 250                ; 250                ;
; Add Pass-Through Logic to Inferred RAMs                          ; On                 ; On                 ;
; Infer RAMs from Raw Logic                                        ; On                 ; On                 ;
; Parallel Synthesis                                               ; On                 ; On                 ;
; DSP Block Balancing                                              ; Auto               ; Auto               ;
; NOT Gate Push-Back                                               ; On                 ; On                 ;
; Power-Up Don't Care                                              ; On                 ; On                 ;
; Remove Redundant Logic Cells                                     ; Off                ; Off                ;
; Remove Duplicate Registers                                       ; On                 ; On                 ;
; Ignore CARRY Buffers                                             ; Off                ; Off                ;
; Ignore CASCADE Buffers                                           ; Off                ; Off                ;
; Ignore GLOBAL Buffers                                            ; Off                ; Off                ;
; Ignore ROW GLOBAL Buffers                                        ; Off                ; Off                ;
; Ignore LCELL Buffers                                             ; Off                ; Off                ;
; Ignore SOFT Buffers                                              ; On                 ; On                 ;
; Limit AHDL Integers to 32 Bits                                   ; Off                ; Off                ;
; Optimization Technique                                           ; Balanced           ; Balanced           ;
; Carry Chain Length                                               ; 70                 ; 70                 ;
; Auto Carry Chains                                                ; On                 ; On                 ;
; Auto Open-Drain Pins                                             ; On                 ; On                 ;
; Perform WYSIWYG Primitive Resynthesis                            ; Off                ; Off                ;
; Auto ROM Replacement                                             ; On                 ; On                 ;
; Auto RAM Replacement                                             ; On                 ; On                 ;
; Auto DSP Block Replacement                                       ; On                 ; On                 ;
; Auto Shift Register Replacement                                  ; Auto               ; Auto               ;
; Allow Shift Register Merging across Hierarchies                  ; Auto               ; Auto               ;
; Auto Clock Enable Replacement                                    ; On                 ; On                 ;
; Strict RAM Replacement                                           ; Off                ; Off                ;
; Allow Synchronous Control Signals                                ; On                 ; On                 ;
; Force Use of Synchronous Clear Signals                           ; Off                ; Off                ;
; Auto RAM Block Balancing                                         ; On                 ; On                 ;
; Auto RAM to Logic Cell Conversion                                ; Off                ; Off                ;
; Auto Resource Sharing                                            ; Off                ; Off                ;
; Allow Any RAM Size For Recognition                               ; Off                ; Off                ;
; Allow Any ROM Size For Recognition                               ; Off                ; Off                ;
; Allow Any Shift Register Size For Recognition                    ; Off                ; Off                ;
; Use LogicLock Constraints during Resource Balancing              ; On                 ; On                 ;
; Ignore translate_off and synthesis_off directives                ; Off                ; Off                ;
; Timing-Driven Synthesis                                          ; On                 ; On                 ;
; Report Parameter Settings                                        ; On                 ; On                 ;
; Report Source Assignments                                        ; On                 ; On                 ;
; Report Connectivity Checks                                       ; On                 ; On                 ;
; Ignore Maximum Fan-Out Assignments                               ; Off                ; Off                ;
; Synchronization Register Chain Length                            ; 2                  ; 2                  ;
; Power Optimization During Synthesis                              ; Normal compilation ; Normal compilation ;
; HDL message level                                                ; Level2             ; Level2             ;
; Suppress Register Optimization Related Messages                  ; Off                ; Off                ;
; Number of Removed Registers Reported in Synthesis Report         ; 5000               ; 5000               ;
; Number of Swept Nodes Reported in Synthesis Report               ; 5000               ; 5000               ;
; Number of Inverted Registers Reported in Synthesis Report        ; 100                ; 100                ;
; Clock MUX Protection                                             ; On                 ; On                 ;
; Auto Gated Clock Conversion                                      ; Off                ; Off                ;
; Block Design Naming                                              ; Auto               ; Auto               ;
; SDC constraint protection                                        ; Off                ; Off                ;
; Synthesis Effort                                                 ; Auto               ; Auto               ;
; Shift Register Replacement - Allow Asynchronous Clear Signal     ; On                 ; On                 ;
; Pre-Mapping Resynthesis Optimization                             ; Off                ; Off                ;
; Analysis & Synthesis Message Level                               ; Medium             ; Medium             ;
; Disable Register Merging Across Hierarchies                      ; Auto               ; Auto               ;
; Resource Aware Inference For Block RAM                           ; On                 ; On                 ;
+------------------------------------------------------------------+--------------------+--------------------+


+------------------------------------------+
; Parallel Compilation                     ;
+----------------------------+-------------+
; Processors                 ; Number      ;
+----------------------------+-------------+
; Number detected on machine ; 8           ;
; Maximum allowed            ; 4           ;
;                            ;             ;
; Average used               ; 1.00        ;
; Maximum used               ; 4           ;
;                            ;             ;
; Usage by Processor         ; % Time Used ;
;     Processor 1            ; 100.0%      ;
;     Processor 2            ;   0.0%      ;
;     Processor 3            ;   0.0%      ;
;     Processor 4            ;   0.0%      ;
+----------------------------+-------------+


+---------------------------------------------------------------------------------------------------------------------------------------------+
; Analysis & Synthesis Source Files Read                                                                                                      ;
+----------------------------------+-----------------+-----------------+------------------------------------------------------------+---------+
; File Name with User-Entered Path ; Used in Netlist ; File Type       ; File Name with Absolute Path                               ; Library ;
+----------------------------------+-----------------+-----------------+------------------------------------------------------------+---------+
; LOGIC.vhd                        ; yes             ; User VHDL File  ; C:/Users/Eduardo/Desktop/Logica_Progra/VGA/LOGIC/LOGIC.vhd ;         ;
+----------------------------------+-----------------+-----------------+------------------------------------------------------------+---------+


+------------------------------------------------------------+
; Analysis & Synthesis Resource Usage Summary                ;
+---------------------------------------------+--------------+
; Resource                                    ; Usage        ;
+---------------------------------------------+--------------+
; Estimated Total logic elements              ; 1,512        ;
;                                             ;              ;
; Total combinational functions               ; 1158         ;
; Logic element usage by number of LUT inputs ;              ;
;     -- 4 input functions                    ; 145          ;
;     -- 3 input functions                    ; 823          ;
;     -- <=2 input functions                  ; 190          ;
;                                             ;              ;
; Logic elements by mode                      ;              ;
;     -- normal mode                          ; 351          ;
;     -- arithmetic mode                      ; 807          ;
;                                             ;              ;
; Total registers                             ; 423          ;
;     -- Dedicated logic registers            ; 423          ;
;     -- I/O registers                        ; 0            ;
;                                             ;              ;
; I/O pins                                    ; 39           ;
;                                             ;              ;
; Embedded Multiplier 9-bit elements          ; 0            ;
;                                             ;              ;
; Maximum fan-out node                        ; snake_move~0 ;
; Maximum fan-out                             ; 386          ;
; Total fan-out                               ; 4985         ;
; Average fan-out                             ; 3.00         ;
+---------------------------------------------+--------------+


+------------------------------------------------------------------------------------------------------------------------------------------------------------------------------------------------------------------------------------+
; Analysis & Synthesis Resource Utilization by Entity                                                                                                                                                                                ;
+----------------------------+---------------------+---------------------------+-------------+------------+--------------+---------+-----------+------+--------------+------------+---------------------+-------------+--------------+
; Compilation Hierarchy Node ; Combinational ALUTs ; Dedicated Logic Registers ; Memory Bits ; UFM Blocks ; DSP Elements ; DSP 9x9 ; DSP 18x18 ; Pins ; Virtual Pins ; ADC blocks ; Full Hierarchy Name ; Entity Name ; Library Name ;
+----------------------------+---------------------+---------------------------+-------------+------------+--------------+---------+-----------+------+--------------+------------+---------------------+-------------+--------------+
; |LOGIC                     ; 1158 (1158)         ; 423 (423)                 ; 0           ; 0          ; 0            ; 0       ; 0         ; 39   ; 0            ; 0          ; |LOGIC              ; LOGIC       ; work         ;
+----------------------------+---------------------+---------------------------+-------------+------------+--------------+---------+-----------+------+--------------+------------+---------------------+-------------+--------------+
Note: For table entries with two numbers listed, the numbers in parentheses indicate the number of resources of the given type used by the specific entity alone. The numbers listed outside of parentheses indicate the total resources of the given type used by the specific entity and all of its sub-entities in the hierarchy.


+-------------------------------------------------------------------------------------------+
; Registers Removed During Synthesis                                                        ;
+----------------------------------------+--------------------------------------------------+
; Register name                          ; Reason for Removal                               ;
+----------------------------------------+--------------------------------------------------+
; snake_mesh_xy[0][10]                   ; Stuck at GND due to stuck port data_in           ;
; snake_mesh_xy[0][0]                    ; Stuck at GND due to stuck port data_in           ;
; snake_mesh_xy[1][10]                   ; Stuck at GND due to stuck port data_in           ;
; snake_mesh_xy[1][0]                    ; Stuck at GND due to stuck port data_in           ;
; snake_mesh_xy[2][10]                   ; Stuck at GND due to stuck port data_in           ;
; snake_mesh_xy[2][0]                    ; Stuck at GND due to stuck port data_in           ;
; snake_mesh_xy[3][10]                   ; Stuck at GND due to stuck port data_in           ;
; snake_mesh_xy[3][0]                    ; Stuck at GND due to stuck port data_in           ;
; snake_mesh_xy[4][10]                   ; Stuck at GND due to stuck port data_in           ;
; snake_mesh_xy[4][0]                    ; Stuck at GND due to stuck port data_in           ;
; snake_mesh_xy[5][10]                   ; Stuck at GND due to stuck port data_in           ;
; snake_mesh_xy[5][0]                    ; Stuck at GND due to stuck port data_in           ;
; snake_mesh_xy[6][10]                   ; Stuck at GND due to stuck port data_in           ;
; snake_mesh_xy[6][0]                    ; Stuck at GND due to stuck port data_in           ;
; snake_mesh_xy[7][10]                   ; Stuck at GND due to stuck port data_in           ;
; snake_mesh_xy[7][0]                    ; Stuck at GND due to stuck port data_in           ;
; snake_mesh_xy[8][10]                   ; Stuck at GND due to stuck port data_in           ;
; snake_mesh_xy[8][0]                    ; Stuck at GND due to stuck port data_in           ;
; snake_mesh_xy[9][10]                   ; Stuck at GND due to stuck port data_in           ;
; snake_mesh_xy[9][0]                    ; Stuck at GND due to stuck port data_in           ;
; snake_mesh_xy[10][10]                  ; Stuck at GND due to stuck port data_in           ;
; snake_mesh_xy[10][0]                   ; Stuck at GND due to stuck port data_in           ;
; snake_mesh_xy[11][10]                  ; Stuck at GND due to stuck port data_in           ;
; snake_mesh_xy[11][0]                   ; Stuck at GND due to stuck port data_in           ;
; snake_mesh_xy[12][10]                  ; Stuck at GND due to stuck port data_in           ;
; snake_mesh_xy[12][0]                   ; Stuck at GND due to stuck port data_in           ;
; snake_mesh_xy[13][10]                  ; Stuck at GND due to stuck port data_in           ;
; snake_mesh_xy[13][0]                   ; Stuck at GND due to stuck port data_in           ;
; snake_mesh_xy[14][10]                  ; Stuck at GND due to stuck port data_in           ;
; snake_mesh_xy[14][0]                   ; Stuck at GND due to stuck port data_in           ;
; snake_mesh_xy[15][10]                  ; Stuck at GND due to stuck port data_in           ;
; snake_mesh_xy[15][0]                   ; Stuck at GND due to stuck port data_in           ;
; snake_mesh_xy[16][10]                  ; Stuck at GND due to stuck port data_in           ;
; snake_mesh_xy[16][0]                   ; Stuck at GND due to stuck port data_in           ;
; snake_mesh_xy[17][10]                  ; Stuck at GND due to stuck port data_in           ;
; snake_mesh_xy[17][0]                   ; Stuck at GND due to stuck port data_in           ;
; snake_mesh_xy[18][10]                  ; Stuck at GND due to stuck port data_in           ;
; snake_mesh_xy[18][0]                   ; Stuck at GND due to stuck port data_in           ;
; snake_mesh_xy[19][10]                  ; Stuck at GND due to stuck port data_in           ;
; snake_mesh_xy[19][0]                   ; Stuck at GND due to stuck port data_in           ;
; snake_mesh_xy[0][19]                   ; Merged with \snake_move:snake_head_xy_future[19] ;
; snake_mesh_xy[0][18]                   ; Merged with \snake_move:snake_head_xy_future[18] ;
; snake_mesh_xy[0][17]                   ; Merged with \snake_move:snake_head_xy_future[17] ;
; snake_mesh_xy[0][16]                   ; Merged with \snake_move:snake_head_xy_future[16] ;
; snake_mesh_xy[0][15]                   ; Merged with \snake_move:snake_head_xy_future[15] ;
; snake_mesh_xy[0][14]                   ; Merged with \snake_move:snake_head_xy_future[14] ;
; snake_mesh_xy[0][13]                   ; Merged with \snake_move:snake_head_xy_future[13] ;
; snake_mesh_xy[0][12]                   ; Merged with \snake_move:snake_head_xy_future[12] ;
; snake_mesh_xy[0][11]                   ; Merged with \snake_move:snake_head_xy_future[11] ;
; snake_mesh_xy[0][9]                    ; Merged with \snake_move:snake_head_xy_future[9]  ;
; snake_mesh_xy[0][8]                    ; Merged with \snake_move:snake_head_xy_future[8]  ;
; snake_mesh_xy[0][7]                    ; Merged with \snake_move:snake_head_xy_future[7]  ;
; snake_mesh_xy[0][6]                    ; Merged with \snake_move:snake_head_xy_future[6]  ;
; snake_mesh_xy[0][5]                    ; Merged with \snake_move:snake_head_xy_future[5]  ;
; snake_mesh_xy[0][4]                    ; Merged with \snake_move:snake_head_xy_future[4]  ;
; snake_mesh_xy[0][3]                    ; Merged with \snake_move:snake_head_xy_future[3]  ;
; snake_mesh_xy[0][2]                    ; Merged with \snake_move:snake_head_xy_future[2]  ;
; snake_mesh_xy[0][1]                    ; Merged with \snake_move:snake_head_xy_future[1]  ;
; random_xy[10]                          ; Merged with \ramdom_number_gen:random_x[0]       ;
; random_xy[0]                           ; Merged with \ramdom_number_gen:random_y[0]       ;
; \ramdom_number_gen:random_y[0]         ; Merged with \ramdom_number_gen:random_x[0]       ;
; \snake_move:snake_length_future[5..31] ; Lost fanout                                      ;
; Total Number of Removed Registers = 88 ;                                                  ;
+----------------------------------------+--------------------------------------------------+


+--------------------------------------------------------------------------------------------------------------------------------------------+
; Removed Registers Triggering Further Register Optimizations                                                                                ;
+----------------------+---------------------------+-----------------------------------------------------------------------------------------+
; Register name        ; Reason for Removal        ; Registers Removed due to This Register                                                  ;
+----------------------+---------------------------+-----------------------------------------------------------------------------------------+
; snake_mesh_xy[0][10] ; Stuck at GND              ; snake_mesh_xy[1][10], snake_mesh_xy[2][10], snake_mesh_xy[3][10], snake_mesh_xy[4][10], ;
;                      ; due to stuck port data_in ; snake_mesh_xy[5][10], snake_mesh_xy[6][10], snake_mesh_xy[7][10], snake_mesh_xy[8][10], ;
;                      ;                           ; snake_mesh_xy[9][10], snake_mesh_xy[10][10], snake_mesh_xy[11][10],                     ;
;                      ;                           ; snake_mesh_xy[12][10], snake_mesh_xy[13][10], snake_mesh_xy[14][10],                    ;
;                      ;                           ; snake_mesh_xy[15][10], snake_mesh_xy[16][10], snake_mesh_xy[17][10],                    ;
;                      ;                           ; snake_mesh_xy[18][10], snake_mesh_xy[19][10]                                            ;
; snake_mesh_xy[0][0]  ; Stuck at GND              ; snake_mesh_xy[1][0], snake_mesh_xy[2][0], snake_mesh_xy[3][0], snake_mesh_xy[4][0],     ;
;                      ; due to stuck port data_in ; snake_mesh_xy[5][0], snake_mesh_xy[6][0], snake_mesh_xy[7][0], snake_mesh_xy[8][0],     ;
;                      ;                           ; snake_mesh_xy[9][0], snake_mesh_xy[10][0], snake_mesh_xy[11][0], snake_mesh_xy[12][0],  ;
;                      ;                           ; snake_mesh_xy[13][0], snake_mesh_xy[14][0], snake_mesh_xy[15][0], snake_mesh_xy[16][0], ;
;                      ;                           ; snake_mesh_xy[17][0], snake_mesh_xy[18][0], snake_mesh_xy[19][0]                        ;
+----------------------+---------------------------+-----------------------------------------------------------------------------------------+


+------------------------------------------------------+
; General Register Statistics                          ;
+----------------------------------------------+-------+
; Statistic                                    ; Value ;
+----------------------------------------------+-------+
; Total registers                              ; 423   ;
; Number of registers using Synchronous Clear  ; 0     ;
; Number of registers using Synchronous Load   ; 0     ;
; Number of registers using Asynchronous Clear ; 386   ;
; Number of registers using Asynchronous Load  ; 0     ;
; Number of registers using Clock Enable       ; 385   ;
; Number of registers using Preset             ; 0     ;
+----------------------------------------------+-------+


+-----------------------------------------------------+
; Inverted Register Statistics                        ;
+-------------------------------------------+---------+
; Inverted Register                         ; Fan out ;
+-------------------------------------------+---------+
; \snake_move:food_xy_future[18]            ; 2       ;
; \snake_move:food_xy_future[15]            ; 2       ;
; \snake_move:food_xy_future[13]            ; 2       ;
; \snake_move:food_xy_future[12]            ; 2       ;
; \snake_move:food_xy_future[7]             ; 2       ;
; \snake_move:food_xy_future[6]             ; 2       ;
; \snake_move:food_xy_future[3]             ; 2       ;
; snake_mesh_xy[15][6]                      ; 2       ;
; snake_mesh_xy[15][5]                      ; 2       ;
; snake_mesh_xy[15][2]                      ; 2       ;
; snake_mesh_xy[15][17]                     ; 2       ;
; snake_mesh_xy[15][14]                     ; 2       ;
; snake_mesh_xy[15][12]                     ; 2       ;
; snake_mesh_xy[15][11]                     ; 2       ;
; snake_mesh_xy[6][17]                      ; 2       ;
; snake_mesh_xy[6][14]                      ; 2       ;
; snake_mesh_xy[6][12]                      ; 2       ;
; snake_mesh_xy[6][11]                      ; 2       ;
; snake_mesh_xy[6][6]                       ; 2       ;
; snake_mesh_xy[6][5]                       ; 2       ;
; snake_mesh_xy[6][2]                       ; 2       ;
; snake_mesh_xy[1][17]                      ; 2       ;
; snake_mesh_xy[1][14]                      ; 2       ;
; snake_mesh_xy[1][12]                      ; 2       ;
; snake_mesh_xy[1][11]                      ; 2       ;
; snake_mesh_xy[1][6]                       ; 2       ;
; snake_mesh_xy[1][5]                       ; 2       ;
; snake_mesh_xy[1][2]                       ; 2       ;
; snake_mesh_xy[2][17]                      ; 2       ;
; snake_mesh_xy[2][14]                      ; 2       ;
; snake_mesh_xy[2][12]                      ; 2       ;
; snake_mesh_xy[2][11]                      ; 2       ;
; snake_mesh_xy[2][6]                       ; 2       ;
; snake_mesh_xy[2][5]                       ; 2       ;
; snake_mesh_xy[2][2]                       ; 2       ;
; snake_mesh_xy[5][17]                      ; 2       ;
; snake_mesh_xy[5][14]                      ; 2       ;
; snake_mesh_xy[5][12]                      ; 2       ;
; snake_mesh_xy[5][11]                      ; 2       ;
; snake_mesh_xy[5][6]                       ; 2       ;
; snake_mesh_xy[5][5]                       ; 2       ;
; snake_mesh_xy[5][2]                       ; 2       ;
; snake_mesh_xy[7][17]                      ; 2       ;
; snake_mesh_xy[7][14]                      ; 2       ;
; snake_mesh_xy[7][12]                      ; 2       ;
; snake_mesh_xy[7][11]                      ; 2       ;
; snake_mesh_xy[7][6]                       ; 2       ;
; snake_mesh_xy[7][5]                       ; 2       ;
; snake_mesh_xy[7][2]                       ; 2       ;
; snake_mesh_xy[12][17]                     ; 2       ;
; snake_mesh_xy[12][14]                     ; 2       ;
; snake_mesh_xy[12][12]                     ; 2       ;
; snake_mesh_xy[12][11]                     ; 2       ;
; snake_mesh_xy[12][6]                      ; 2       ;
; snake_mesh_xy[12][5]                      ; 2       ;
; snake_mesh_xy[12][2]                      ; 2       ;
; \snake_move:snake_head_xy_future[17]      ; 4       ;
; \snake_move:snake_head_xy_future[14]      ; 4       ;
; \snake_move:snake_head_xy_future[12]      ; 4       ;
; \snake_move:snake_head_xy_future[11]      ; 4       ;
; \snake_move:snake_head_xy_future[6]       ; 4       ;
; \snake_move:snake_head_xy_future[5]       ; 4       ;
; \snake_move:snake_head_xy_future[2]       ; 4       ;
; snake_mesh_xy[3][17]                      ; 2       ;
; snake_mesh_xy[3][14]                      ; 2       ;
; snake_mesh_xy[3][12]                      ; 2       ;
; snake_mesh_xy[3][11]                      ; 2       ;
; snake_mesh_xy[3][6]                       ; 2       ;
; snake_mesh_xy[3][5]                       ; 2       ;
; snake_mesh_xy[3][2]                       ; 2       ;
; snake_mesh_xy[4][17]                      ; 2       ;
; snake_mesh_xy[4][14]                      ; 2       ;
; snake_mesh_xy[4][12]                      ; 2       ;
; snake_mesh_xy[4][11]                      ; 2       ;
; snake_mesh_xy[4][6]                       ; 2       ;
; snake_mesh_xy[4][5]                       ; 2       ;
; snake_mesh_xy[4][2]                       ; 2       ;
; snake_mesh_xy[13][17]                     ; 2       ;
; snake_mesh_xy[13][14]                     ; 2       ;
; snake_mesh_xy[13][12]                     ; 2       ;
; snake_mesh_xy[13][11]                     ; 2       ;
; snake_mesh_xy[13][6]                      ; 2       ;
; snake_mesh_xy[13][5]                      ; 2       ;
; snake_mesh_xy[13][2]                      ; 2       ;
; snake_mesh_xy[14][17]                     ; 2       ;
; snake_mesh_xy[14][14]                     ; 2       ;
; snake_mesh_xy[14][12]                     ; 2       ;
; snake_mesh_xy[14][11]                     ; 2       ;
; snake_mesh_xy[14][6]                      ; 2       ;
; snake_mesh_xy[14][5]                      ; 2       ;
; snake_mesh_xy[14][2]                      ; 2       ;
; snake_mesh_xy[19][17]                     ; 1       ;
; snake_mesh_xy[19][14]                     ; 1       ;
; snake_mesh_xy[19][12]                     ; 1       ;
; snake_mesh_xy[19][11]                     ; 1       ;
; snake_mesh_xy[19][6]                      ; 1       ;
; snake_mesh_xy[19][5]                      ; 1       ;
; snake_mesh_xy[19][2]                      ; 1       ;
; \snake_move:snake_length_future[0]        ; 10      ;
; snake_mesh_xy[16][6]                      ; 2       ;
; Total number of inverted registers = 149* ;         ;
+-------------------------------------------+---------+
* Table truncated at 100 items. To change the number of inverted registers reported, set the "Number of Inverted Registers Reported" option under Assignments->Settings->Analysis and Synthesis Settings->More Settings


+------------------------------------------------------------------------------------------------------------------------------------------+
; Multiplexer Restructuring Statistics (Restructuring Performed)                                                                           ;
+--------------------+-----------+---------------+----------------------+------------------------+------------+----------------------------+
; Multiplexer Inputs ; Bus Width ; Baseline Area ; Area if Restructured ; Saving if Restructured ; Registered ; Example Multiplexer Output ;
+--------------------+-----------+---------------+----------------------+------------------------+------------+----------------------------+
; 3:1                ; 2 bits    ; 4 LEs         ; 4 LEs                ; 0 LEs                  ; No         ; |LOGIC|rout                ;
+--------------------+-----------+---------------+----------------------+------------------------+------------+----------------------------+


+-----------------------------------------------------------------------+
; Parameter Settings for User Entity Instance: Top-level Entity: |LOGIC ;
+--------------------+-------+------------------------------------------+
; Parameter Name     ; Value ; Type                                     ;
+--------------------+-------+------------------------------------------+
; screen_width       ; 908   ; Signed Integer                           ;
; screen_height      ; 480   ; Signed Integer                           ;
; food_width         ; 20    ; Signed Integer                           ;
; head_width         ; 20    ; Signed Integer                           ;
; snake_begin_x      ; 150   ; Signed Integer                           ;
; snake_begin_y      ; 100   ; Signed Integer                           ;
; snake_length_begin ; 1     ; Signed Integer                           ;
; snake_length_max   ; 20    ; Signed Integer                           ;
; food_begin_x       ; 300   ; Signed Integer                           ;
; food_begin_y       ; 200   ; Signed Integer                           ;
+--------------------+-------+------------------------------------------+
Note: In order to hide this table in the UI and the text report file, please set the "Show Parameter Settings in Synthesis Report" option in "Analysis and Synthesis Settings -> More Settings" to "Off".


+-----------------------------------------------------+
; Post-Synthesis Netlist Statistics for Top Partition ;
+-----------------------+-----------------------------+
; Type                  ; Count                       ;
+-----------------------+-----------------------------+
; boundary_port         ; 39                          ;
; cycloneiii_ff         ; 423                         ;
;     CLR               ; 1                           ;
;     ENA CLR           ; 385                         ;
;     plain             ; 37                          ;
; cycloneiii_lcell_comb ; 1159                        ;
;     arith             ; 807                         ;
;         2 data inputs ; 28                          ;
;         3 data inputs ; 779                         ;
;     normal            ; 352                         ;
;         0 data inputs ; 45                          ;
;         1 data inputs ; 22                          ;
;         2 data inputs ; 96                          ;
;         3 data inputs ; 44                          ;
;         4 data inputs ; 145                         ;
;                       ;                             ;
; Max LUT depth         ; 12.60                       ;
; Average LUT depth     ; 10.65                       ;
+-----------------------+-----------------------------+


+-------------------------------+
; Elapsed Time Per Partition    ;
+----------------+--------------+
; Partition Name ; Elapsed Time ;
+----------------+--------------+
; Top            ; 00:00:01     ;
+----------------+--------------+


+-------------------------------+
; Analysis & Synthesis Messages ;
+-------------------------------+
Info: *******************************************************************
Info: Running Quartus Prime Analysis & Synthesis
    Info: Version 18.1.0 Build 625 09/12/2018 SJ Lite Edition
    Info: Processing started: Tue Mar 12 19:11:23 2024
Info: Command: quartus_map --read_settings_files=on --write_settings_files=off LOGIC -c LOGIC
Warning (18236): Number of processors has not been specified which may cause overloading on shared machines.  Set the global assignment NUM_PARALLEL_PROCESSORS in your QSF to an appropriate value for best performance.
Info (20030): Parallel compilation is enabled and will use 4 of the 4 processors detected
Info (12021): Found 2 design units, including 1 entities, in source file /users/eduardo/desktop/logica_progra/vga/vga_main/vga_main.vhd
    Info (12022): Found design unit 1: VGA_MAIN-main File: C:/Users/Eduardo/Desktop/Logica_Progra/VGA/VGA_MAIN/VGA_MAIN.vhd Line: 26
    Info (12023): Found entity 1: VGA_MAIN File: C:/Users/Eduardo/Desktop/Logica_Progra/VGA/VGA_MAIN/VGA_MAIN.vhd Line: 5
Info (12021): Found 2 design units, including 1 entities, in source file logic.vhd
    Info (12022): Found design unit 1: LOGIC-main File: C:/Users/Eduardo/Desktop/Logica_Progra/VGA/LOGIC/LOGIC.vhd Line: 31
    Info (12023): Found entity 1: LOGIC File: C:/Users/Eduardo/Desktop/Logica_Progra/VGA/LOGIC/LOGIC.vhd Line: 5
Info (12127): Elaborating entity "LOGIC" for the top level hierarchy
Warning (10631): VHDL Process Statement warning at LOGIC.vhd(42): inferring latch(es) for signal or variable "snake_head_xy_future", which holds its previous value in one or more paths through the process File: C:/Users/Eduardo/Desktop/Logica_Progra/VGA/LOGIC/LOGIC.vhd Line: 42
Info (10041): Inferred latch for "snake_move:snake_head_xy_future[0]" at LOGIC.vhd(55) File: C:/Users/Eduardo/Desktop/Logica_Progra/VGA/LOGIC/LOGIC.vhd Line: 55
Info (10041): Inferred latch for "snake_move:snake_head_xy_future[10]" at LOGIC.vhd(55) File: C:/Users/Eduardo/Desktop/Logica_Progra/VGA/LOGIC/LOGIC.vhd Line: 55
Info (13000): Registers with preset signals will power-up high File: C:/Users/Eduardo/Desktop/Logica_Progra/VGA/LOGIC/LOGIC.vhd Line: 55
Info (13003): DEV_CLRn pin will set, and not reset, register with preset signal due to NOT Gate Push-Back
Warning (13024): Output pins are stuck at VCC or GND
    Warning (13410): Pin "rout[0]" is stuck at GND File: C:/Users/Eduardo/Desktop/Logica_Progra/VGA/LOGIC/LOGIC.vhd Line: 28
    Warning (13410): Pin "rout[1]" is stuck at GND File: C:/Users/Eduardo/Desktop/Logica_Progra/VGA/LOGIC/LOGIC.vhd Line: 28
Info (286030): Timing-Driven Synthesis is running
Critical Warning (18061): Ignored Power-Up Level option on the following registers
    Critical Warning (18010): Register \snake_move:food_xy_future[7] will power up to High
    Critical Warning (18010): Register \snake_move:food_xy_future[6] will power up to High
    Critical Warning (18010): Register \snake_move:food_xy_future[3] will power up to High
    Critical Warning (18010): Register \snake_move:food_xy_future[18] will power up to High
    Critical Warning (18010): Register \snake_move:food_xy_future[15] will power up to High
    Critical Warning (18010): Register \snake_move:food_xy_future[13] will power up to High
    Critical Warning (18010): Register \snake_move:food_xy_future[12] will power up to High
    Critical Warning (18010): Register \snake_move:snake_length_future[0] will power up to High
    Critical Warning (18010): Register \snake_move:snake_head_xy_future[17] will power up to High
    Critical Warning (18010): Register \snake_move:snake_head_xy_future[14] will power up to High
    Critical Warning (18010): Register \snake_move:snake_head_xy_future[12] will power up to High
    Critical Warning (18010): Register \snake_move:snake_head_xy_future[11] will power up to High
    Critical Warning (18010): Register \snake_move:snake_head_xy_future[6] will power up to High
    Critical Warning (18010): Register \snake_move:snake_head_xy_future[5] will power up to High
    Critical Warning (18010): Register \snake_move:snake_head_xy_future[2] will power up to High
    Critical Warning (18010): Register \snake_move:inited will power up to High
Info (17049): 27 registers lost all their fanouts during netlist optimizations.
Info (16010): Generating hard_block partition "hard_block:auto_generated_inst"
    Info (16011): Adding 0 node(s), including 0 DDIO, 0 PLL, 0 transceiver and 0 LCELL
Info (21057): Implemented 1581 device resources after synthesis - the final resource count might be different
    Info (21058): Implemented 27 input pins
    Info (21059): Implemented 12 output pins
    Info (21061): Implemented 1542 logic cells
Info: Quartus Prime Analysis & Synthesis was successful. 0 errors, 22 warnings
    Info: Peak virtual memory: 4810 megabytes
    Info: Processing ended: Tue Mar 12 19:11:38 2024
    Info: Elapsed time: 00:00:15
    Info: Total CPU time (on all processors): 00:00:28


